// Jest Snapshot v1, https://goo.gl/fbAQLP

exports[`computeJobMetrics 1`] = `
[
  {
    "host": "github.com",
    "metric": "github.actions.job.total",
    "points": [
      [
        1579542279,
        1,
      ],
    ],
    "tags": [
      "repository_owner:octo-org",
      "repository_name:octo-repo",
      "workflow_id:1589141559",
      "workflow_name:Manually triggered workflow",
      "run_attempt:1",
      "event:workflow_dispatch",
      "sender:Codertocat",
      "sender_type:User",
      "branch:main",
      "default_branch:true",
      "job_id:399444496",
      "job_name:build",
      "conclusion:success",
      "status:completed",
      "runs_on:bar,foo,self-hosted",
    ],
    "type": "count",
  },
  {
    "host": "github.com",
    "metric": "github.actions.job.conclusion.success_total",
    "points": [
      [
        1579542279,
        1,
      ],
    ],
    "tags": [
      "repository_owner:octo-org",
      "repository_name:octo-repo",
      "workflow_id:1589141559",
      "workflow_name:Manually triggered workflow",
      "run_attempt:1",
      "event:workflow_dispatch",
      "sender:Codertocat",
      "sender_type:User",
      "branch:main",
      "default_branch:true",
      "job_id:399444496",
      "job_name:build",
      "conclusion:success",
      "status:completed",
      "runs_on:bar,foo,self-hosted",
    ],
    "type": "count",
  },
  {
    "host": "github.com",
    "metric": "github.actions.job.queued_duration_second",
    "points": [
      [
        1579542279,
        29,
      ],
    ],
    "tags": [
      "repository_owner:octo-org",
      "repository_name:octo-repo",
      "workflow_id:1589141559",
      "workflow_name:Manually triggered workflow",
      "run_attempt:1",
      "event:workflow_dispatch",
      "sender:Codertocat",
      "sender_type:User",
      "branch:main",
      "default_branch:true",
      "job_id:399444496",
      "job_name:build",
      "conclusion:success",
      "status:completed",
      "runs_on:bar,foo,self-hosted",
    ],
    "type": "gauge",
  },
  {
    "host": "github.com",
    "metric": "github.actions.job.duration_second",
    "points": [
      [
        1579542279,
        119,
      ],
    ],
    "tags": [
      "repository_owner:octo-org",
      "repository_name:octo-repo",
      "workflow_id:1589141559",
      "workflow_name:Manually triggered workflow",
      "run_attempt:1",
      "event:workflow_dispatch",
      "sender:Codertocat",
      "sender_type:User",
      "branch:main",
      "default_branch:true",
      "job_id:399444496",
      "job_name:build",
      "conclusion:success",
      "status:completed",
      "runs_on:bar,foo,self-hosted",
    ],
    "type": "gauge",
  },
  {
    "host": "github.com",
    "metric": "github.actions.job.start_time_from_workflow_start_second",
    "points": [
      [
        1579542279,
        -60141282,
      ],
    ],
    "tags": [
      "repository_owner:octo-org",
      "repository_name:octo-repo",
      "workflow_id:1589141559",
      "workflow_name:Manually triggered workflow",
      "run_attempt:1",
      "event:workflow_dispatch",
      "sender:Codertocat",
      "sender_type:User",
      "branch:main",
      "default_branch:true",
      "job_id:399444496",
      "job_name:build",
      "conclusion:success",
      "status:completed",
      "runs_on:bar,foo,self-hosted",
    ],
  },
]
`;

exports[`computeJobMetrics 2`] = `[]`;

exports[`computeStepMetrics 1`] = `
[
  {
    "host": "github.com",
    "metric": "github.actions.step.total",
    "points": [
      [
        1579542161,
        1,
      ],
    ],
    "tags": [
      "repository_owner:octo-org",
      "repository_name:octo-repo",
      "workflow_id:1589141559",
      "workflow_name:Manually triggered workflow",
      "run_attempt:1",
      "event:workflow_dispatch",
      "sender:Codertocat",
      "sender_type:User",
      "branch:main",
      "default_branch:true",
      "job_id:399444496",
      "job_name:build",
      "runs_on:bar,foo,self-hosted",
      "step_name:Set up job",
      "step_number:1",
      "conclusion:success",
      "status:completed",
    ],
    "type": "count",
  },
  {
    "host": "github.com",
    "metric": "github.actions.step.conclusion.success_total",
    "points": [
      [
        1579542161,
        1,
      ],
    ],
    "tags": [
      "repository_owner:octo-org",
      "repository_name:octo-repo",
      "workflow_id:1589141559",
      "workflow_name:Manually triggered workflow",
      "run_attempt:1",
      "event:workflow_dispatch",
      "sender:Codertocat",
      "sender_type:User",
      "branch:main",
      "default_branch:true",
      "job_id:399444496",
      "job_name:build",
      "runs_on:bar,foo,self-hosted",
      "step_name:Set up job",
      "step_number:1",
      "conclusion:success",
      "status:completed",
    ],
    "type": "count",
  },
  {
    "host": "github.com",
    "metric": "github.actions.step.duration_second",
    "points": [
      [
        1579542161,
        1,
      ],
    ],
    "tags": [
      "repository_owner:octo-org",
      "repository_name:octo-repo",
      "workflow_id:1589141559",
      "workflow_name:Manually triggered workflow",
      "run_attempt:1",
      "event:workflow_dispatch",
      "sender:Codertocat",
      "sender_type:User",
      "branch:main",
      "default_branch:true",
      "job_id:399444496",
      "job_name:build",
      "runs_on:bar,foo,self-hosted",
      "step_name:Set up job",
      "step_number:1",
      "conclusion:success",
      "status:completed",
    ],
    "type": "gauge",
  },
  {
    "host": "github.com",
    "metric": "github.actions.step.start_time_from_workflow_start_second",
    "points": [
      [
        1579542161,
        -60141282,
      ],
    ],
    "tags": [
      "repository_owner:octo-org",
      "repository_name:octo-repo",
      "workflow_id:1589141559",
      "workflow_name:Manually triggered workflow",
      "run_attempt:1",
      "event:workflow_dispatch",
      "sender:Codertocat",
      "sender_type:User",
      "branch:main",
      "default_branch:true",
      "job_id:399444496",
      "job_name:build",
      "runs_on:bar,foo,self-hosted",
      "step_name:Set up job",
      "step_number:1",
      "conclusion:success",
      "status:completed",
    ],
  },
  {
    "host": "github.com",
    "metric": "github.actions.step.total",
    "points": [
      [
        1579542165,
        1,
      ],
    ],
    "tags": [
      "repository_owner:octo-org",
      "repository_name:octo-repo",
      "workflow_id:1589141559",
      "workflow_name:Manually triggered workflow",
      "run_attempt:1",
      "event:workflow_dispatch",
      "sender:Codertocat",
      "sender_type:User",
      "branch:main",
      "default_branch:true",
      "job_id:399444496",
      "job_name:build",
      "runs_on:bar,foo,self-hosted",
      "step_name:Run actions/checkout@v2",
      "step_number:2",
      "conclusion:success",
      "status:completed",
    ],
    "type": "count",
  },
  {
    "host": "github.com",
    "metric": "github.actions.step.conclusion.success_total",
    "points": [
      [
        1579542165,
        1,
      ],
    ],
    "tags": [
      "repository_owner:octo-org",
      "repository_name:octo-repo",
      "workflow_id:1589141559",
      "workflow_name:Manually triggered workflow",
      "run_attempt:1",
      "event:workflow_dispatch",
      "sender:Codertocat",
      "sender_type:User",
      "branch:main",
      "default_branch:true",
      "job_id:399444496",
      "job_name:build",
      "runs_on:bar,foo,self-hosted",
      "step_name:Run actions/checkout@v2",
      "step_number:2",
      "conclusion:success",
      "status:completed",
    ],
    "type": "count",
  },
  {
    "host": "github.com",
    "metric": "github.actions.step.duration_second",
    "points": [
      [
        1579542165,
        4,
      ],
    ],
    "tags": [
      "repository_owner:octo-org",
      "repository_name:octo-repo",
      "workflow_id:1589141559",
      "workflow_name:Manually triggered workflow",
      "run_attempt:1",
      "event:workflow_dispatch",
      "sender:Codertocat",
      "sender_type:User",
      "branch:main",
      "default_branch:true",
      "job_id:399444496",
      "job_name:build",
      "runs_on:bar,foo,self-hosted",
      "step_name:Run actions/checkout@v2",
      "step_number:2",
      "conclusion:success",
      "status:completed",
    ],
    "type": "gauge",
  },
  {
    "host": "github.com",
    "metric": "github.actions.step.start_time_from_workflow_start_second",
    "points": [
      [
        1579542165,
        -60141281,
      ],
    ],
    "tags": [
      "repository_owner:octo-org",
      "repository_name:octo-repo",
      "workflow_id:1589141559",
      "workflow_name:Manually triggered workflow",
      "run_attempt:1",
      "event:workflow_dispatch",
      "sender:Codertocat",
      "sender_type:User",
      "branch:main",
      "default_branch:true",
      "job_id:399444496",
      "job_name:build",
      "runs_on:bar,foo,self-hosted",
      "step_name:Run actions/checkout@v2",
      "step_number:2",
      "conclusion:success",
      "status:completed",
    ],
  },
  {
    "host": "github.com",
    "metric": "github.actions.step.total",
    "points": [
      [
        1579542165,
        1,
      ],
    ],
    "tags": [
      "repository_owner:octo-org",
      "repository_name:octo-repo",
      "workflow_id:1589141559",
      "workflow_name:Manually triggered workflow",
      "run_attempt:1",
      "event:workflow_dispatch",
      "sender:Codertocat",
      "sender_type:User",
      "branch:main",
      "default_branch:true",
      "job_id:399444496",
      "job_name:build",
      "runs_on:bar,foo,self-hosted",
      "step_name:Set up Ruby",
      "step_number:3",
      "conclusion:success",
      "status:completed",
    ],
    "type": "count",
  },
  {
    "host": "github.com",
    "metric": "github.actions.step.conclusion.success_total",
    "points": [
      [
        1579542165,
        1,
      ],
    ],
    "tags": [
      "repository_owner:octo-org",
      "repository_name:octo-repo",
      "workflow_id:1589141559",
      "workflow_name:Manually triggered workflow",
      "run_attempt:1",
      "event:workflow_dispatch",
      "sender:Codertocat",
      "sender_type:User",
      "branch:main",
      "default_branch:true",
      "job_id:399444496",
      "job_name:build",
      "runs_on:bar,foo,self-hosted",
      "step_name:Set up Ruby",
      "step_number:3",
      "conclusion:success",
      "status:completed",
    ],
    "type": "count",
  },
  {
    "host": "github.com",
    "metric": "github.actions.step.duration_second",
    "points": [
      [
        1579542165,
        0,
      ],
    ],
    "tags": [
      "repository_owner:octo-org",
      "repository_name:octo-repo",
      "workflow_id:1589141559",
      "workflow_name:Manually triggered workflow",
      "run_attempt:1",
      "event:workflow_dispatch",
      "sender:Codertocat",
      "sender_type:User",
      "branch:main",
      "default_branch:true",
      "job_id:399444496",
      "job_name:build",
      "runs_on:bar,foo,self-hosted",
      "step_name:Set up Ruby",
      "step_number:3",
      "conclusion:success",
      "status:completed",
    ],
    "type": "gauge",
  },
  {
    "host": "github.com",
    "metric": "github.actions.step.start_time_from_workflow_start_second",
    "points": [
      [
        1579542165,
        -60141277,
      ],
    ],
    "tags": [
      "repository_owner:octo-org",
      "repository_name:octo-repo",
      "workflow_id:1589141559",
      "workflow_name:Manually triggered workflow",
      "run_attempt:1",
      "event:workflow_dispatch",
      "sender:Codertocat",
      "sender_type:User",
      "branch:main",
      "default_branch:true",
      "job_id:399444496",
      "job_name:build",
      "runs_on:bar,foo,self-hosted",
      "step_name:Set up Ruby",
      "step_number:3",
      "conclusion:success",
      "status:completed",
    ],
  },
  {
    "host": "github.com",
    "metric": "github.actions.step.total",
    "points": [
      [
        1579542168,
        1,
      ],
    ],
    "tags": [
      "repository_owner:octo-org",
      "repository_name:octo-repo",
      "workflow_id:1589141559",
      "workflow_name:Manually triggered workflow",
      "run_attempt:1",
      "event:workflow_dispatch",
      "sender:Codertocat",
      "sender_type:User",
      "branch:main",
      "default_branch:true",
      "job_id:399444496",
      "job_name:build",
      "runs_on:bar,foo,self-hosted",
      "step_name:Run actions/cache@v3",
      "step_number:4",
      "conclusion:success",
      "status:completed",
    ],
    "type": "count",
  },
  {
    "host": "github.com",
    "metric": "github.actions.step.conclusion.success_total",
    "points": [
      [
        1579542168,
        1,
      ],
    ],
    "tags": [
      "repository_owner:octo-org",
      "repository_name:octo-repo",
      "workflow_id:1589141559",
      "workflow_name:Manually triggered workflow",
      "run_attempt:1",
      "event:workflow_dispatch",
      "sender:Codertocat",
      "sender_type:User",
      "branch:main",
      "default_branch:true",
      "job_id:399444496",
      "job_name:build",
      "runs_on:bar,foo,self-hosted",
      "step_name:Run actions/cache@v3",
      "step_number:4",
      "conclusion:success",
      "status:completed",
    ],
    "type": "count",
  },
  {
    "host": "github.com",
    "metric": "github.actions.step.duration_second",
    "points": [
      [
        1579542168,
        3,
      ],
    ],
    "tags": [
      "repository_owner:octo-org",
      "repository_name:octo-repo",
      "workflow_id:1589141559",
      "workflow_name:Manually triggered workflow",
      "run_attempt:1",
      "event:workflow_dispatch",
      "sender:Codertocat",
      "sender_type:User",
      "branch:main",
      "default_branch:true",
      "job_id:399444496",
      "job_name:build",
      "runs_on:bar,foo,self-hosted",
      "step_name:Run actions/cache@v3",
      "step_number:4",
      "conclusion:success",
      "status:completed",
    ],
    "type": "gauge",
  },
  {
    "host": "github.com",
    "metric": "github.actions.step.start_time_from_workflow_start_second",
    "points": [
      [
        1579542168,
        -60141277,
      ],
    ],
    "tags": [
      "repository_owner:octo-org",
      "repository_name:octo-repo",
      "workflow_id:1589141559",
      "workflow_name:Manually triggered workflow",
      "run_attempt:1",
      "event:workflow_dispatch",
      "sender:Codertocat",
      "sender_type:User",
      "branch:main",
      "default_branch:true",
      "job_id:399444496",
      "job_name:build",
      "runs_on:bar,foo,self-hosted",
      "step_name:Run actions/cache@v3",
      "step_number:4",
      "conclusion:success",
      "status:completed",
    ],
  },
  {
    "host": "github.com",
    "metric": "github.actions.step.total",
    "points": [
      [
        1579542172,
        1,
      ],
    ],
    "tags": [
      "repository_owner:octo-org",
      "repository_name:octo-repo",
      "workflow_id:1589141559",
      "workflow_name:Manually triggered workflow",
      "run_attempt:1",
      "event:workflow_dispatch",
      "sender:Codertocat",
      "sender_type:User",
      "branch:main",
      "default_branch:true",
      "job_id:399444496",
      "job_name:build",
      "runs_on:bar,foo,self-hosted",
      "step_name:Install Bundler",
      "step_number:5",
      "conclusion:success",
      "status:completed",
    ],
    "type": "count",
  },
  {
    "host": "github.com",
    "metric": "github.actions.step.conclusion.success_total",
    "points": [
      [
        1579542172,
        1,
      ],
    ],
    "tags": [
      "repository_owner:octo-org",
      "repository_name:octo-repo",
      "workflow_id:1589141559",
      "workflow_name:Manually triggered workflow",
      "run_attempt:1",
      "event:workflow_dispatch",
      "sender:Codertocat",
      "sender_type:User",
      "branch:main",
      "default_branch:true",
      "job_id:399444496",
      "job_name:build",
      "runs_on:bar,foo,self-hosted",
      "step_name:Install Bundler",
      "step_number:5",
      "conclusion:success",
      "status:completed",
    ],
    "type": "count",
  },
  {
    "host": "github.com",
    "metric": "github.actions.step.duration_second",
    "points": [
      [
        1579542172,
        4,
      ],
    ],
    "tags": [
      "repository_owner:octo-org",
      "repository_name:octo-repo",
      "workflow_id:1589141559",
      "workflow_name:Manually triggered workflow",
      "run_attempt:1",
      "event:workflow_dispatch",
      "sender:Codertocat",
      "sender_type:User",
      "branch:main",
      "default_branch:true",
      "job_id:399444496",
      "job_name:build",
      "runs_on:bar,foo,self-hosted",
      "step_name:Install Bundler",
      "step_number:5",
      "conclusion:success",
      "status:completed",
    ],
    "type": "gauge",
  },
  {
    "host": "github.com",
    "metric": "github.actions.step.start_time_from_workflow_start_second",
    "points": [
      [
        1579542172,
        -60141274,
      ],
    ],
    "tags": [
      "repository_owner:octo-org",
      "repository_name:octo-repo",
      "workflow_id:1589141559",
      "workflow_name:Manually triggered workflow",
      "run_attempt:1",
      "event:workflow_dispatch",
      "sender:Codertocat",
      "sender_type:User",
      "branch:main",
      "default_branch:true",
      "job_id:399444496",
      "job_name:build",
      "runs_on:bar,foo,self-hosted",
      "step_name:Install Bundler",
      "step_number:5",
      "conclusion:success",
      "status:completed",
    ],
  },
  {
    "host": "github.com",
    "metric": "github.actions.step.total",
    "points": [
      [
        1579542173,
        1,
      ],
    ],
    "tags": [
      "repository_owner:octo-org",
      "repository_name:octo-repo",
      "workflow_id:1589141559",
      "workflow_name:Manually triggered workflow",
      "run_attempt:1",
      "event:workflow_dispatch",
      "sender:Codertocat",
      "sender_type:User",
      "branch:main",
      "default_branch:true",
      "job_id:399444496",
      "job_name:build",
      "runs_on:bar,foo,self-hosted",
      "step_name:Install Gems",
      "step_number:6",
      "conclusion:success",
      "status:completed",
    ],
    "type": "count",
  },
  {
    "host": "github.com",
    "metric": "github.actions.step.conclusion.success_total",
    "points": [
      [
        1579542173,
        1,
      ],
    ],
    "tags": [
      "repository_owner:octo-org",
      "repository_name:octo-repo",
      "workflow_id:1589141559",
      "workflow_name:Manually triggered workflow",
      "run_attempt:1",
      "event:workflow_dispatch",
      "sender:Codertocat",
      "sender_type:User",
      "branch:main",
      "default_branch:true",
      "job_id:399444496",
      "job_name:build",
      "runs_on:bar,foo,self-hosted",
      "step_name:Install Gems",
      "step_number:6",
      "conclusion:success",
      "status:completed",
    ],
    "type": "count",
  },
  {
    "host": "github.com",
    "metric": "github.actions.step.duration_second",
    "points": [
      [
        1579542173,
        1,
      ],
    ],
    "tags": [
      "repository_owner:octo-org",
      "repository_name:octo-repo",
      "workflow_id:1589141559",
      "workflow_name:Manually triggered workflow",
      "run_attempt:1",
      "event:workflow_dispatch",
      "sender:Codertocat",
      "sender_type:User",
      "branch:main",
      "default_branch:true",
      "job_id:399444496",
      "job_name:build",
      "runs_on:bar,foo,self-hosted",
      "step_name:Install Gems",
      "step_number:6",
      "conclusion:success",
      "status:completed",
    ],
    "type": "gauge",
  },
  {
    "host": "github.com",
    "metric": "github.actions.step.start_time_from_workflow_start_second",
    "points": [
      [
        1579542173,
        -60141270,
      ],
    ],
    "tags": [
      "repository_owner:octo-org",
      "repository_name:octo-repo",
      "workflow_id:1589141559",
      "workflow_name:Manually triggered workflow",
      "run_attempt:1",
      "event:workflow_dispatch",
      "sender:Codertocat",
      "sender_type:User",
      "branch:main",
      "default_branch:true",
      "job_id:399444496",
      "job_name:build",
      "runs_on:bar,foo,self-hosted",
      "step_name:Install Gems",
      "step_number:6",
      "conclusion:success",
      "status:completed",
    ],
  },
  {
    "host": "github.com",
    "metric": "github.actions.step.total",
    "points": [
      [
        1579542179,
        1,
      ],
    ],
    "tags": [
      "repository_owner:octo-org",
      "repository_name:octo-repo",
      "workflow_id:1589141559",
      "workflow_name:Manually triggered workflow",
      "run_attempt:1",
      "event:workflow_dispatch",
      "sender:Codertocat",
      "sender_type:User",
      "branch:main",
      "default_branch:true",
      "job_id:399444496",
      "job_name:build",
      "runs_on:bar,foo,self-hosted",
      "step_name:Run Tests",
      "step_number:7",
      "conclusion:success",
      "status:completed",
    ],
    "type": "count",
  },
  {
    "host": "github.com",
    "metric": "github.actions.step.conclusion.success_total",
    "points": [
      [
        1579542179,
        1,
      ],
    ],
    "tags": [
      "repository_owner:octo-org",
      "repository_name:octo-repo",
      "workflow_id:1589141559",
      "workflow_name:Manually triggered workflow",
      "run_attempt:1",
      "event:workflow_dispatch",
      "sender:Codertocat",
      "sender_type:User",
      "branch:main",
      "default_branch:true",
      "job_id:399444496",
      "job_name:build",
      "runs_on:bar,foo,self-hosted",
      "step_name:Run Tests",
      "step_number:7",
      "conclusion:success",
      "status:completed",
    ],
    "type": "count",
  },
  {
    "host": "github.com",
    "metric": "github.actions.step.duration_second",
    "points": [
      [
        1579542179,
        6,
      ],
    ],
    "tags": [
      "repository_owner:octo-org",
      "repository_name:octo-repo",
      "workflow_id:1589141559",
      "workflow_name:Manually triggered workflow",
      "run_attempt:1",
      "event:workflow_dispatch",
      "sender:Codertocat",
      "sender_type:User",
      "branch:main",
      "default_branch:true",
      "job_id:399444496",
      "job_name:build",
      "runs_on:bar,foo,self-hosted",
      "step_name:Run Tests",
      "step_number:7",
      "conclusion:success",
      "status:completed",
    ],
    "type": "gauge",
  },
  {
    "host": "github.com",
    "metric": "github.actions.step.start_time_from_workflow_start_second",
    "points": [
      [
        1579542179,
        -60141269,
      ],
    ],
    "tags": [
      "repository_owner:octo-org",
      "repository_name:octo-repo",
      "workflow_id:1589141559",
      "workflow_name:Manually triggered workflow",
      "run_attempt:1",
      "event:workflow_dispatch",
      "sender:Codertocat",
      "sender_type:User",
      "branch:main",
      "default_branch:true",
      "job_id:399444496",
      "job_name:build",
      "runs_on:bar,foo,self-hosted",
      "step_name:Run Tests",
      "step_number:7",
      "conclusion:success",
      "status:completed",
    ],
  },
  {
    "host": "github.com",
    "metric": "github.actions.step.total",
    "points": [
      [
        1579542279,
        1,
      ],
    ],
    "tags": [
      "repository_owner:octo-org",
      "repository_name:octo-repo",
      "workflow_id:1589141559",
      "workflow_name:Manually triggered workflow",
      "run_attempt:1",
      "event:workflow_dispatch",
      "sender:Codertocat",
      "sender_type:User",
      "branch:main",
      "default_branch:true",
      "job_id:399444496",
      "job_name:build",
      "runs_on:bar,foo,self-hosted",
      "step_name:Deploy to Heroku",
      "step_number:8",
      "conclusion:success",
      "status:completed",
    ],
    "type": "count",
  },
  {
    "host": "github.com",
    "metric": "github.actions.step.conclusion.success_total",
    "points": [
      [
        1579542279,
        1,
      ],
    ],
    "tags": [
      "repository_owner:octo-org",
      "repository_name:octo-repo",
      "workflow_id:1589141559",
      "workflow_name:Manually triggered workflow",
      "run_attempt:1",
      "event:workflow_dispatch",
      "sender:Codertocat",
      "sender_type:User",
      "branch:main",
      "default_branch:true",
      "job_id:399444496",
      "job_name:build",
      "runs_on:bar,foo,self-hosted",
      "step_name:Deploy to Heroku",
      "step_number:8",
      "conclusion:success",
      "status:completed",
    ],
    "type": "count",
  },
  {
    "host": "github.com",
    "metric": "github.actions.step.duration_second",
    "points": [
      [
        1579542279,
        100,
      ],
    ],
    "tags": [
      "repository_owner:octo-org",
      "repository_name:octo-repo",
      "workflow_id:1589141559",
      "workflow_name:Manually triggered workflow",
      "run_attempt:1",
      "event:workflow_dispatch",
      "sender:Codertocat",
      "sender_type:User",
      "branch:main",
      "default_branch:true",
      "job_id:399444496",
      "job_name:build",
      "runs_on:bar,foo,self-hosted",
      "step_name:Deploy to Heroku",
      "step_number:8",
      "conclusion:success",
      "status:completed",
    ],
    "type": "gauge",
  },
  {
    "host": "github.com",
    "metric": "github.actions.step.start_time_from_workflow_start_second",
    "points": [
      [
        1579542279,
        -60141263,
      ],
    ],
    "tags": [
      "repository_owner:octo-org",
      "repository_name:octo-repo",
      "workflow_id:1589141559",
      "workflow_name:Manually triggered workflow",
      "run_attempt:1",
      "event:workflow_dispatch",
      "sender:Codertocat",
      "sender_type:User",
      "branch:main",
      "default_branch:true",
      "job_id:399444496",
      "job_name:build",
      "runs_on:bar,foo,self-hosted",
      "step_name:Deploy to Heroku",
      "step_number:8",
      "conclusion:success",
      "status:completed",
    ],
  },
  {
    "host": "github.com",
    "metric": "github.actions.step.total",
    "points": [
      [
        1579542279,
        1,
      ],
    ],
    "tags": [
      "repository_owner:octo-org",
      "repository_name:octo-repo",
      "workflow_id:1589141559",
      "workflow_name:Manually triggered workflow",
      "run_attempt:1",
      "event:workflow_dispatch",
      "sender:Codertocat",
      "sender_type:User",
      "branch:main",
      "default_branch:true",
      "job_id:399444496",
      "job_name:build",
      "runs_on:bar,foo,self-hosted",
      "step_name:Post actions/cache@v3",
      "step_number:16",
      "conclusion:success",
      "status:completed",
    ],
    "type": "count",
  },
  {
    "host": "github.com",
    "metric": "github.actions.step.conclusion.success_total",
    "points": [
      [
        1579542279,
        1,
      ],
    ],
    "tags": [
      "repository_owner:octo-org",
      "repository_name:octo-repo",
      "workflow_id:1589141559",
      "workflow_name:Manually triggered workflow",
      "run_attempt:1",
      "event:workflow_dispatch",
      "sender:Codertocat",
      "sender_type:User",
      "branch:main",
      "default_branch:true",
      "job_id:399444496",
      "job_name:build",
      "runs_on:bar,foo,self-hosted",
      "step_name:Post actions/cache@v3",
      "step_number:16",
      "conclusion:success",
      "status:completed",
    ],
    "type": "count",
  },
  {
    "host": "github.com",
    "metric": "github.actions.step.duration_second",
    "points": [
      [
        1579542279,
        0,
      ],
    ],
    "tags": [
      "repository_owner:octo-org",
      "repository_name:octo-repo",
      "workflow_id:1589141559",
      "workflow_name:Manually triggered workflow",
      "run_attempt:1",
      "event:workflow_dispatch",
      "sender:Codertocat",
      "sender_type:User",
      "branch:main",
      "default_branch:true",
      "job_id:399444496",
      "job_name:build",
      "runs_on:bar,foo,self-hosted",
      "step_name:Post actions/cache@v3",
      "step_number:16",
      "conclusion:success",
      "status:completed",
    ],
    "type": "gauge",
  },
  {
    "host": "github.com",
    "metric": "github.actions.step.start_time_from_workflow_start_second",
    "points": [
      [
        1579542279,
        -60141163,
      ],
    ],
    "tags": [
      "repository_owner:octo-org",
      "repository_name:octo-repo",
      "workflow_id:1589141559",
      "workflow_name:Manually triggered workflow",
      "run_attempt:1",
      "event:workflow_dispatch",
      "sender:Codertocat",
      "sender_type:User",
      "branch:main",
      "default_branch:true",
      "job_id:399444496",
      "job_name:build",
      "runs_on:bar,foo,self-hosted",
      "step_name:Post actions/cache@v3",
      "step_number:16",
      "conclusion:success",
      "status:completed",
    ],
  },
  {
    "host": "github.com",
    "metric": "github.actions.step.total",
    "points": [
      [
        1579542279,
        1,
      ],
    ],
    "tags": [
      "repository_owner:octo-org",
      "repository_name:octo-repo",
      "workflow_id:1589141559",
      "workflow_name:Manually triggered workflow",
      "run_attempt:1",
      "event:workflow_dispatch",
      "sender:Codertocat",
      "sender_type:User",
      "branch:main",
      "default_branch:true",
      "job_id:399444496",
      "job_name:build",
      "runs_on:bar,foo,self-hosted",
      "step_name:Complete job",
      "step_number:17",
      "conclusion:success",
      "status:completed",
    ],
    "type": "count",
  },
  {
    "host": "github.com",
    "metric": "github.actions.step.conclusion.success_total",
    "points": [
      [
        1579542279,
        1,
      ],
    ],
    "tags": [
      "repository_owner:octo-org",
      "repository_name:octo-repo",
      "workflow_id:1589141559",
      "workflow_name:Manually triggered workflow",
      "run_attempt:1",
      "event:workflow_dispatch",
      "sender:Codertocat",
      "sender_type:User",
      "branch:main",
      "default_branch:true",
      "job_id:399444496",
      "job_name:build",
      "runs_on:bar,foo,self-hosted",
      "step_name:Complete job",
      "step_number:17",
      "conclusion:success",
      "status:completed",
    ],
    "type": "count",
  },
  {
    "host": "github.com",
    "metric": "github.actions.step.duration_second",
    "points": [
      [
        1579542279,
        0,
      ],
    ],
    "tags": [
      "repository_owner:octo-org",
      "repository_name:octo-repo",
      "workflow_id:1589141559",
      "workflow_name:Manually triggered workflow",
      "run_attempt:1",
      "event:workflow_dispatch",
      "sender:Codertocat",
      "sender_type:User",
      "branch:main",
      "default_branch:true",
      "job_id:399444496",
      "job_name:build",
      "runs_on:bar,foo,self-hosted",
      "step_name:Complete job",
      "step_number:17",
      "conclusion:success",
      "status:completed",
    ],
    "type": "gauge",
  },
  {
    "host": "github.com",
    "metric": "github.actions.step.start_time_from_workflow_start_second",
    "points": [
      [
        1579542279,
        -60141163,
      ],
    ],
    "tags": [
      "repository_owner:octo-org",
      "repository_name:octo-repo",
      "workflow_id:1589141559",
      "workflow_name:Manually triggered workflow",
      "run_attempt:1",
      "event:workflow_dispatch",
      "sender:Codertocat",
      "sender_type:User",
      "branch:main",
      "default_branch:true",
      "job_id:399444496",
      "job_name:build",
      "runs_on:bar,foo,self-hosted",
      "step_name:Complete job",
      "step_number:17",
      "conclusion:success",
      "status:completed",
    ],
  },
]
`;

exports[`computeStepMetrics 2`] = `[]`;

exports[`computeWorkflowRunMetrics 1`] = `
{
  "distributionPointsSeries": [],
  "series": [
    {
      "host": "github.com",
      "metric": "github.actions.workflow_run.total",
      "points": [
        [
          1639683442,
          1,
        ],
      ],
      "tags": [
        "repository_owner:octo-org",
        "repository_name:octo-repo",
        "workflow_id:1589141559",
        "workflow_name:Manually triggered workflow",
        "run_attempt:1",
        "event:workflow_dispatch",
        "sender:Codertocat",
        "sender_type:User",
        "branch:main",
        "default_branch:true",
        "conclusion:null",
      ],
      "type": "count",
    },
    {
      "host": "github.com",
      "metric": "github.actions.workflow_run.conclusion.null_total",
      "points": [
        [
          1639683442,
          1,
        ],
      ],
      "tags": [
        "repository_owner:octo-org",
        "repository_name:octo-repo",
        "workflow_id:1589141559",
        "workflow_name:Manually triggered workflow",
        "run_attempt:1",
        "event:workflow_dispatch",
        "sender:Codertocat",
        "sender_type:User",
        "branch:main",
        "default_branch:true",
        "conclusion:null",
      ],
      "type": "count",
    },
    {
      "host": "github.com",
      "metric": "github.actions.workflow_run.duration_second",
      "points": [
        [
          1639683442,
          0,
        ],
      ],
      "tags": [
        "repository_owner:octo-org",
        "repository_name:octo-repo",
        "workflow_id:1589141559",
        "workflow_name:Manually triggered workflow",
        "run_attempt:1",
        "event:workflow_dispatch",
        "sender:Codertocat",
        "sender_type:User",
        "branch:main",
        "default_branch:true",
        "conclusion:null",
      ],
      "type": "gauge",
    },
  ],
}
`;
